Archive member included to satisfy reference by file (symbol)

startup/libea_startup_thumb.a(consol.o)
                              main.o (simplePrintf)
startup/libea_startup_thumb.a(framework.o)
                              main.o (eaInit)
startup/libea_startup_thumb.a(startup.o)
                              (_startup)
irq/irq_handler.a(irq_handler.o)
                              main.o (IRQ_Test)
/usr/local/Caskroom/gcc-arm-embedded/7-2018-q2-update/gcc-arm-none-eabi-7-2018-q2-update/bin/../lib/gcc/arm-none-eabi/7.3.1/libgcc.a(_udivsi3.o)
                              startup/libea_startup_thumb.a(consol.o) (__aeabi_uidiv)
/usr/local/Caskroom/gcc-arm-embedded/7-2018-q2-update/gcc-arm-none-eabi-7-2018-q2-update/bin/../lib/gcc/arm-none-eabi/7.3.1/libgcc.a(_dvmd_tls.o)
                              /usr/local/Caskroom/gcc-arm-embedded/7-2018-q2-update/gcc-arm-none-eabi-7-2018-q2-update/bin/../lib/gcc/arm-none-eabi/7.3.1/libgcc.a(_udivsi3.o) (__aeabi_idiv0)
/usr/local/Caskroom/gcc-arm-embedded/7-2018-q2-update/gcc-arm-none-eabi-7-2018-q2-update/bin/../lib/gcc/arm-none-eabi/7.3.1/libgcc.a(_aeabi_uldivmod.o)
                              main.o (__aeabi_uldivmod)
/usr/local/Caskroom/gcc-arm-embedded/7-2018-q2-update/gcc-arm-none-eabi-7-2018-q2-update/bin/../lib/gcc/arm-none-eabi/7.3.1/libgcc.a(_muldi3.o)
                              main.o (__aeabi_lmul)
/usr/local/Caskroom/gcc-arm-embedded/7-2018-q2-update/gcc-arm-none-eabi-7-2018-q2-update/bin/../lib/gcc/arm-none-eabi/7.3.1/libgcc.a(_udivmoddi4.o)
                              /usr/local/Caskroom/gcc-arm-embedded/7-2018-q2-update/gcc-arm-none-eabi-7-2018-q2-update/bin/../lib/gcc/arm-none-eabi/7.3.1/libgcc.a(_aeabi_uldivmod.o) (__udivmoddi4)
/usr/local/Caskroom/gcc-arm-embedded/7-2018-q2-update/gcc-arm-none-eabi-7-2018-q2-update/bin/../lib/gcc/arm-none-eabi/7.3.1/libgcc.a(_clzdi2.o)
                              /usr/local/Caskroom/gcc-arm-embedded/7-2018-q2-update/gcc-arm-none-eabi-7-2018-q2-update/bin/../lib/gcc/arm-none-eabi/7.3.1/libgcc.a(_udivmoddi4.o) (__clzdi2)
/usr/local/Caskroom/gcc-arm-embedded/7-2018-q2-update/gcc-arm-none-eabi-7-2018-q2-update/bin/../lib/gcc/arm-none-eabi/7.3.1/libgcc.a(_clzsi2.o)
                              /usr/local/Caskroom/gcc-arm-embedded/7-2018-q2-update/gcc-arm-none-eabi-7-2018-q2-update/bin/../lib/gcc/arm-none-eabi/7.3.1/libgcc.a(_clzdi2.o) (__clzsi2)
/usr/local/Caskroom/gcc-arm-embedded/7-2018-q2-update/gcc-arm-none-eabi-7-2018-q2-update/bin/../lib/gcc/arm-none-eabi/7.3.1/../../../../arm-none-eabi/lib/libc.a(lib_a-atoi.o)
                              startup/libea_startup_thumb.a(consol.o) (atoi)
/usr/local/Caskroom/gcc-arm-embedded/7-2018-q2-update/gcc-arm-none-eabi-7-2018-q2-update/bin/../lib/gcc/arm-none-eabi/7.3.1/../../../../arm-none-eabi/lib/libc.a(lib_a-strlen-stub.o)
                              startup/libea_startup_thumb.a(consol.o) (strlen)
/usr/local/Caskroom/gcc-arm-embedded/7-2018-q2-update/gcc-arm-none-eabi-7-2018-q2-update/bin/../lib/gcc/arm-none-eabi/7.3.1/../../../../arm-none-eabi/lib/libc.a(lib_a-strtol.o)
                              /usr/local/Caskroom/gcc-arm-embedded/7-2018-q2-update/gcc-arm-none-eabi-7-2018-q2-update/bin/../lib/gcc/arm-none-eabi/7.3.1/../../../../arm-none-eabi/lib/libc.a(lib_a-atoi.o) (_strtol_r)
/usr/local/Caskroom/gcc-arm-embedded/7-2018-q2-update/gcc-arm-none-eabi-7-2018-q2-update/bin/../lib/gcc/arm-none-eabi/7.3.1/../../../../arm-none-eabi/lib/libc.a(lib_a-impure.o)
                              /usr/local/Caskroom/gcc-arm-embedded/7-2018-q2-update/gcc-arm-none-eabi-7-2018-q2-update/bin/../lib/gcc/arm-none-eabi/7.3.1/../../../../arm-none-eabi/lib/libc.a(lib_a-strtol.o) (_impure_ptr)
/usr/local/Caskroom/gcc-arm-embedded/7-2018-q2-update/gcc-arm-none-eabi-7-2018-q2-update/bin/../lib/gcc/arm-none-eabi/7.3.1/../../../../arm-none-eabi/lib/libc.a(lib_a-locale.o)
                              /usr/local/Caskroom/gcc-arm-embedded/7-2018-q2-update/gcc-arm-none-eabi-7-2018-q2-update/bin/../lib/gcc/arm-none-eabi/7.3.1/../../../../arm-none-eabi/lib/libc.a(lib_a-strtol.o) (__locale_ctype_ptr_l)
/usr/local/Caskroom/gcc-arm-embedded/7-2018-q2-update/gcc-arm-none-eabi-7-2018-q2-update/bin/../lib/gcc/arm-none-eabi/7.3.1/../../../../arm-none-eabi/lib/libc.a(lib_a-mbtowc_r.o)
                              /usr/local/Caskroom/gcc-arm-embedded/7-2018-q2-update/gcc-arm-none-eabi-7-2018-q2-update/bin/../lib/gcc/arm-none-eabi/7.3.1/../../../../arm-none-eabi/lib/libc.a(lib_a-locale.o) (__ascii_mbtowc)
/usr/local/Caskroom/gcc-arm-embedded/7-2018-q2-update/gcc-arm-none-eabi-7-2018-q2-update/bin/../lib/gcc/arm-none-eabi/7.3.1/../../../../arm-none-eabi/lib/libc.a(lib_a-strcmp.o)
                              /usr/local/Caskroom/gcc-arm-embedded/7-2018-q2-update/gcc-arm-none-eabi-7-2018-q2-update/bin/../lib/gcc/arm-none-eabi/7.3.1/../../../../arm-none-eabi/lib/libc.a(lib_a-locale.o) (strcmp)
/usr/local/Caskroom/gcc-arm-embedded/7-2018-q2-update/gcc-arm-none-eabi-7-2018-q2-update/bin/../lib/gcc/arm-none-eabi/7.3.1/../../../../arm-none-eabi/lib/libc.a(lib_a-wctomb_r.o)
                              /usr/local/Caskroom/gcc-arm-embedded/7-2018-q2-update/gcc-arm-none-eabi-7-2018-q2-update/bin/../lib/gcc/arm-none-eabi/7.3.1/../../../../arm-none-eabi/lib/libc.a(lib_a-locale.o) (__ascii_wctomb)
/usr/local/Caskroom/gcc-arm-embedded/7-2018-q2-update/gcc-arm-none-eabi-7-2018-q2-update/bin/../lib/gcc/arm-none-eabi/7.3.1/../../../../arm-none-eabi/lib/libc.a(lib_a-ctype_.o)
                              /usr/local/Caskroom/gcc-arm-embedded/7-2018-q2-update/gcc-arm-none-eabi-7-2018-q2-update/bin/../lib/gcc/arm-none-eabi/7.3.1/../../../../arm-none-eabi/lib/libc.a(lib_a-locale.o) (_ctype_)

Allocating common symbols
Common symbol       size              file

pHeapEnd            0x4               startup/libea_startup_thumb.a(framework.o)
pHeapStart          0x4               startup/libea_startup_thumb.a(framework.o)

Memory Configuration

Name             Origin             Length             Attributes
FLASH            0x0000000000000000 0x0000000000080000 xr
RAM              0x0000000040000000 0x0000000000008000 rw
*default*        0x0000000000000000 0xffffffffffffffff

Linker script and memory map

LOAD main.o
LOAD startup/libea_startup_thumb.a
LOAD irq/irq_handler.a
LOAD lm75/lm75.a
LOAD /usr/local/Caskroom/gcc-arm-embedded/7-2018-q2-update/gcc-arm-none-eabi-7-2018-q2-update/bin/../lib/gcc/arm-none-eabi/7.3.1/../../../../arm-none-eabi/lib/libstdc++.a
LOAD /usr/local/Caskroom/gcc-arm-embedded/7-2018-q2-update/gcc-arm-none-eabi-7-2018-q2-update/bin/../lib/gcc/arm-none-eabi/7.3.1/../../../../arm-none-eabi/lib/libm.a
START GROUP
LOAD /usr/local/Caskroom/gcc-arm-embedded/7-2018-q2-update/gcc-arm-none-eabi-7-2018-q2-update/bin/../lib/gcc/arm-none-eabi/7.3.1/libgcc.a
LOAD /usr/local/Caskroom/gcc-arm-embedded/7-2018-q2-update/gcc-arm-none-eabi-7-2018-q2-update/bin/../lib/gcc/arm-none-eabi/7.3.1/../../../../arm-none-eabi/lib/libc.a
END GROUP

.text           0x0000000000000000     0x1c40
 *startup.o(.text)
 .text          0x0000000000000000      0x1bc startup/libea_startup_thumb.a(startup.o)
                0x0000000000000000                _startup
 *(.text)
 .text          0x00000000000001bc      0x300 main.o
                0x0000000000000318                main
 .text          0x00000000000004bc      0xce8 startup/libea_startup_thumb.a(consol.o)
                0x0000000000000870                consolInit
                0x0000000000000908                consolSendChar
                0x0000000000000958                consolSendCh
                0x000000000000099c                consolSendString
                0x00000000000009e8                consolSendNumber
                0x0000000000000c14                simplePrintf
                0x0000000000000c54                consolGetCh
                0x0000000000000c98                consolGetChar
                0x0000000000000cf4                consolGetString
                0x0000000000000da4                consolGetIntNum
                0x0000000000000ff4                consolScanf
 .text          0x00000000000011a4      0x45c startup/libea_startup_thumb.a(framework.o)
                0x00000000000012f8                exceptionHandlerInit
                0x0000000000001388                lowLevelInit
                0x000000000000156c                eaInit
 .text          0x0000000000001600       0x90 irq/irq_handler.a(irq_handler.o)
                0x0000000000001600                IRQ_Test
 .text          0x0000000000001690      0x114 /usr/local/Caskroom/gcc-arm-embedded/7-2018-q2-update/gcc-arm-none-eabi-7-2018-q2-update/bin/../lib/gcc/arm-none-eabi/7.3.1/libgcc.a(_udivsi3.o)
                0x0000000000001690                __udivsi3
                0x0000000000001690                __aeabi_uidiv
                0x0000000000001784                __aeabi_uidivmod
 .text          0x00000000000017a4        0x4 /usr/local/Caskroom/gcc-arm-embedded/7-2018-q2-update/gcc-arm-none-eabi-7-2018-q2-update/bin/../lib/gcc/arm-none-eabi/7.3.1/libgcc.a(_dvmd_tls.o)
                0x00000000000017a4                __aeabi_ldiv0
                0x00000000000017a4                __aeabi_idiv0
 .text          0x00000000000017a8       0x3c /usr/local/Caskroom/gcc-arm-embedded/7-2018-q2-update/gcc-arm-none-eabi-7-2018-q2-update/bin/../lib/gcc/arm-none-eabi/7.3.1/libgcc.a(_aeabi_uldivmod.o)
                0x00000000000017a8                __aeabi_uldivmod
 .text          0x00000000000017e4       0x3c /usr/local/Caskroom/gcc-arm-embedded/7-2018-q2-update/gcc-arm-none-eabi-7-2018-q2-update/bin/../lib/gcc/arm-none-eabi/7.3.1/libgcc.a(_muldi3.o)
                0x00000000000017e4                __aeabi_lmul
                0x00000000000017e4                __muldi3
 .text          0x0000000000001820      0x16c /usr/local/Caskroom/gcc-arm-embedded/7-2018-q2-update/gcc-arm-none-eabi-7-2018-q2-update/bin/../lib/gcc/arm-none-eabi/7.3.1/libgcc.a(_udivmoddi4.o)
                0x0000000000001820                __udivmoddi4
 .text          0x000000000000198c       0x28 /usr/local/Caskroom/gcc-arm-embedded/7-2018-q2-update/gcc-arm-none-eabi-7-2018-q2-update/bin/../lib/gcc/arm-none-eabi/7.3.1/libgcc.a(_clzdi2.o)
                0x000000000000198c                __clzdi2
 .text          0x00000000000019b4       0x48 /usr/local/Caskroom/gcc-arm-embedded/7-2018-q2-update/gcc-arm-none-eabi-7-2018-q2-update/bin/../lib/gcc/arm-none-eabi/7.3.1/libgcc.a(_clzsi2.o)
                0x00000000000019b4                __clzsi2
 .text          0x00000000000019fc        0x0 /usr/local/Caskroom/gcc-arm-embedded/7-2018-q2-update/gcc-arm-none-eabi-7-2018-q2-update/bin/../lib/gcc/arm-none-eabi/7.3.1/../../../../arm-none-eabi/lib/libc.a(lib_a-atoi.o)
 .text          0x00000000000019fc        0x0 /usr/local/Caskroom/gcc-arm-embedded/7-2018-q2-update/gcc-arm-none-eabi-7-2018-q2-update/bin/../lib/gcc/arm-none-eabi/7.3.1/../../../../arm-none-eabi/lib/libc.a(lib_a-strlen-stub.o)
 .text          0x00000000000019fc        0x0 /usr/local/Caskroom/gcc-arm-embedded/7-2018-q2-update/gcc-arm-none-eabi-7-2018-q2-update/bin/../lib/gcc/arm-none-eabi/7.3.1/../../../../arm-none-eabi/lib/libc.a(lib_a-strtol.o)
 .text          0x00000000000019fc        0x0 /usr/local/Caskroom/gcc-arm-embedded/7-2018-q2-update/gcc-arm-none-eabi-7-2018-q2-update/bin/../lib/gcc/arm-none-eabi/7.3.1/../../../../arm-none-eabi/lib/libc.a(lib_a-impure.o)
 .text          0x00000000000019fc        0x0 /usr/local/Caskroom/gcc-arm-embedded/7-2018-q2-update/gcc-arm-none-eabi-7-2018-q2-update/bin/../lib/gcc/arm-none-eabi/7.3.1/../../../../arm-none-eabi/lib/libc.a(lib_a-locale.o)
 .text          0x00000000000019fc        0x0 /usr/local/Caskroom/gcc-arm-embedded/7-2018-q2-update/gcc-arm-none-eabi-7-2018-q2-update/bin/../lib/gcc/arm-none-eabi/7.3.1/../../../../arm-none-eabi/lib/libc.a(lib_a-mbtowc_r.o)
 .text          0x00000000000019fc      0x224 /usr/local/Caskroom/gcc-arm-embedded/7-2018-q2-update/gcc-arm-none-eabi-7-2018-q2-update/bin/../lib/gcc/arm-none-eabi/7.3.1/../../../../arm-none-eabi/lib/libc.a(lib_a-strcmp.o)
                0x00000000000019fc                strcmp
 .text          0x0000000000001c20        0x0 /usr/local/Caskroom/gcc-arm-embedded/7-2018-q2-update/gcc-arm-none-eabi-7-2018-q2-update/bin/../lib/gcc/arm-none-eabi/7.3.1/../../../../arm-none-eabi/lib/libc.a(lib_a-wctomb_r.o)
 .text          0x0000000000001c20        0x0 /usr/local/Caskroom/gcc-arm-embedded/7-2018-q2-update/gcc-arm-none-eabi-7-2018-q2-update/bin/../lib/gcc/arm-none-eabi/7.3.1/../../../../arm-none-eabi/lib/libc.a(lib_a-ctype_.o)
 .text.__stub   0x0000000000001c20       0x20 linker stubs
 *(.glue_7)
 .glue_7        0x0000000000001c40        0x0 linker stubs
 *(.glue_7t)
 .glue_7t       0x0000000000001c40        0x0 linker stubs

.vfp11_veneer   0x0000000000001c40        0x0
 .vfp11_veneer  0x0000000000001c40        0x0 linker stubs

.v4_bx          0x0000000000001c40        0x0
 .v4_bx         0x0000000000001c40        0x0 linker stubs

.iplt           0x0000000000001c40        0x0
 .iplt          0x0000000000001c40        0x0 main.o

.text.atoi      0x0000000000001c40       0x18
 .text.atoi     0x0000000000001c40       0x18 /usr/local/Caskroom/gcc-arm-embedded/7-2018-q2-update/gcc-arm-none-eabi-7-2018-q2-update/bin/../lib/gcc/arm-none-eabi/7.3.1/../../../../arm-none-eabi/lib/libc.a(lib_a-atoi.o)
                0x0000000000001c40                atoi

.text._atoi_r   0x0000000000001c58       0x18
 .text._atoi_r  0x0000000000001c58       0x18 /usr/local/Caskroom/gcc-arm-embedded/7-2018-q2-update/gcc-arm-none-eabi-7-2018-q2-update/bin/../lib/gcc/arm-none-eabi/7.3.1/../../../../arm-none-eabi/lib/libc.a(lib_a-atoi.o)
                0x0000000000001c58                _atoi_r

.text.strlen    0x0000000000001c70       0x60
 .text.strlen   0x0000000000001c70       0x60 /usr/local/Caskroom/gcc-arm-embedded/7-2018-q2-update/gcc-arm-none-eabi-7-2018-q2-update/bin/../lib/gcc/arm-none-eabi/7.3.1/../../../../arm-none-eabi/lib/libc.a(lib_a-strlen-stub.o)
                0x0000000000001c70                strlen

.text._strtol_l.isra.0
                0x0000000000001cd0      0x1bc
 .text._strtol_l.isra.0
                0x0000000000001cd0      0x1bc /usr/local/Caskroom/gcc-arm-embedded/7-2018-q2-update/gcc-arm-none-eabi-7-2018-q2-update/bin/../lib/gcc/arm-none-eabi/7.3.1/../../../../arm-none-eabi/lib/libc.a(lib_a-strtol.o)

.text._strtol_r
                0x0000000000001e8c       0x3c
 .text._strtol_r
                0x0000000000001e8c       0x3c /usr/local/Caskroom/gcc-arm-embedded/7-2018-q2-update/gcc-arm-none-eabi-7-2018-q2-update/bin/../lib/gcc/arm-none-eabi/7.3.1/../../../../arm-none-eabi/lib/libc.a(lib_a-strtol.o)
                0x0000000000001e8c                _strtol_r

.text.strtol_l  0x0000000000001ec8       0x38
 .text.strtol_l
                0x0000000000001ec8       0x38 /usr/local/Caskroom/gcc-arm-embedded/7-2018-q2-update/gcc-arm-none-eabi-7-2018-q2-update/bin/../lib/gcc/arm-none-eabi/7.3.1/../../../../arm-none-eabi/lib/libc.a(lib_a-strtol.o)
                0x0000000000001ec8                strtol_l

.text.strtol    0x0000000000001f00       0x4c
 .text.strtol   0x0000000000001f00       0x4c /usr/local/Caskroom/gcc-arm-embedded/7-2018-q2-update/gcc-arm-none-eabi-7-2018-q2-update/bin/../lib/gcc/arm-none-eabi/7.3.1/../../../../arm-none-eabi/lib/libc.a(lib_a-strtol.o)
                0x0000000000001f00                strtol

.text._setlocale_r
                0x0000000000001f4c       0x68
 .text._setlocale_r
                0x0000000000001f4c       0x68 /usr/local/Caskroom/gcc-arm-embedded/7-2018-q2-update/gcc-arm-none-eabi-7-2018-q2-update/bin/../lib/gcc/arm-none-eabi/7.3.1/../../../../arm-none-eabi/lib/libc.a(lib_a-locale.o)
                0x0000000000001f4c                _setlocale_r

.text.__locale_mb_cur_max
                0x0000000000001fb4       0x28
 .text.__locale_mb_cur_max
                0x0000000000001fb4       0x28 /usr/local/Caskroom/gcc-arm-embedded/7-2018-q2-update/gcc-arm-none-eabi-7-2018-q2-update/bin/../lib/gcc/arm-none-eabi/7.3.1/../../../../arm-none-eabi/lib/libc.a(lib_a-locale.o)
                0x0000000000001fb4                __locale_mb_cur_max

.text.__locale_ctype_ptr_l
                0x0000000000001fdc        0x8
 .text.__locale_ctype_ptr_l
                0x0000000000001fdc        0x8 /usr/local/Caskroom/gcc-arm-embedded/7-2018-q2-update/gcc-arm-none-eabi-7-2018-q2-update/bin/../lib/gcc/arm-none-eabi/7.3.1/../../../../arm-none-eabi/lib/libc.a(lib_a-locale.o)
                0x0000000000001fdc                __locale_ctype_ptr_l

.text.__locale_ctype_ptr
                0x0000000000001fe4       0x28
 .text.__locale_ctype_ptr
                0x0000000000001fe4       0x28 /usr/local/Caskroom/gcc-arm-embedded/7-2018-q2-update/gcc-arm-none-eabi-7-2018-q2-update/bin/../lib/gcc/arm-none-eabi/7.3.1/../../../../arm-none-eabi/lib/libc.a(lib_a-locale.o)
                0x0000000000001fe4                __locale_ctype_ptr

.text.setlocale
                0x000000000000200c       0x18
 .text.setlocale
                0x000000000000200c       0x18 /usr/local/Caskroom/gcc-arm-embedded/7-2018-q2-update/gcc-arm-none-eabi-7-2018-q2-update/bin/../lib/gcc/arm-none-eabi/7.3.1/../../../../arm-none-eabi/lib/libc.a(lib_a-locale.o)
                0x000000000000200c                setlocale

.text._mbtowc_r
                0x0000000000002024       0x34
 .text._mbtowc_r
                0x0000000000002024       0x34 /usr/local/Caskroom/gcc-arm-embedded/7-2018-q2-update/gcc-arm-none-eabi-7-2018-q2-update/bin/../lib/gcc/arm-none-eabi/7.3.1/../../../../arm-none-eabi/lib/libc.a(lib_a-mbtowc_r.o)
                0x0000000000002024                _mbtowc_r

.text.__ascii_mbtowc
                0x0000000000002058       0x44
 .text.__ascii_mbtowc
                0x0000000000002058       0x44 /usr/local/Caskroom/gcc-arm-embedded/7-2018-q2-update/gcc-arm-none-eabi-7-2018-q2-update/bin/../lib/gcc/arm-none-eabi/7.3.1/../../../../arm-none-eabi/lib/libc.a(lib_a-mbtowc_r.o)
                0x0000000000002058                __ascii_mbtowc

.text._wctomb_r
                0x000000000000209c       0x34
 .text._wctomb_r
                0x000000000000209c       0x34 /usr/local/Caskroom/gcc-arm-embedded/7-2018-q2-update/gcc-arm-none-eabi-7-2018-q2-update/bin/../lib/gcc/arm-none-eabi/7.3.1/../../../../arm-none-eabi/lib/libc.a(lib_a-wctomb_r.o)
                0x000000000000209c                _wctomb_r

.text.__ascii_wctomb
                0x00000000000020d0       0x28
 .text.__ascii_wctomb
                0x00000000000020d0       0x28 /usr/local/Caskroom/gcc-arm-embedded/7-2018-q2-update/gcc-arm-none-eabi-7-2018-q2-update/bin/../lib/gcc/arm-none-eabi/7.3.1/../../../../arm-none-eabi/lib/libc.a(lib_a-wctomb_r.o)
                0x00000000000020d0                __ascii_wctomb
                0x00000000000020f8                . = ALIGN (0x4)

.rodata         0x00000000000020f8      0x2e5
 *(.rodata)
 .rodata        0x00000000000020f8       0xfb main.o
 *fill*         0x00000000000021f3        0x1 
 .rodata        0x00000000000021f4       0x18 startup/libea_startup_thumb.a(consol.o)
 .rodata        0x000000000000220c       0xb6 startup/libea_startup_thumb.a(framework.o)
 *(.rodata*)
 *fill*         0x00000000000022c2        0x2 
 .rodata._global_impure_ptr
                0x00000000000022c4        0x4 /usr/local/Caskroom/gcc-arm-embedded/7-2018-q2-update/gcc-arm-none-eabi-7-2018-q2-update/bin/../lib/gcc/arm-none-eabi/7.3.1/../../../../arm-none-eabi/lib/libc.a(lib_a-impure.o)
                0x00000000000022c4                _global_impure_ptr
 .rodata._setlocale_r.str1.4
                0x00000000000022c8        0xd /usr/local/Caskroom/gcc-arm-embedded/7-2018-q2-update/gcc-arm-none-eabi-7-2018-q2-update/bin/../lib/gcc/arm-none-eabi/7.3.1/../../../../arm-none-eabi/lib/libc.a(lib_a-locale.o)
 *fill*         0x00000000000022d5        0x3 
 .rodata.str1.4
                0x00000000000022d8        0x4 /usr/local/Caskroom/gcc-arm-embedded/7-2018-q2-update/gcc-arm-none-eabi-7-2018-q2-update/bin/../lib/gcc/arm-none-eabi/7.3.1/../../../../arm-none-eabi/lib/libc.a(lib_a-locale.o)
                                          0x2 (size before relaxing)
 .rodata._ctype_
                0x00000000000022dc      0x101 /usr/local/Caskroom/gcc-arm-embedded/7-2018-q2-update/gcc-arm-none-eabi-7-2018-q2-update/bin/../lib/gcc/arm-none-eabi/7.3.1/../../../../arm-none-eabi/lib/libc.a(lib_a-ctype_.o)
                0x00000000000022dc                _ctype_

.ARM.extab      0x00000000000023dd        0x0
 .ARM.extab     0x00000000000023dd        0x0 /usr/local/Caskroom/gcc-arm-embedded/7-2018-q2-update/gcc-arm-none-eabi-7-2018-q2-update/bin/../lib/gcc/arm-none-eabi/7.3.1/libgcc.a(_udivmoddi4.o)

.ARM.exidx      0x00000000000023e0        0x8
 .ARM.exidx     0x00000000000023e0        0x8 /usr/local/Caskroom/gcc-arm-embedded/7-2018-q2-update/gcc-arm-none-eabi-7-2018-q2-update/bin/../lib/gcc/arm-none-eabi/7.3.1/libgcc.a(_udivmoddi4.o)

.rel.dyn        0x00000000000023e8        0x0
 .rel.iplt      0x00000000000023e8        0x0 main.o
                0x00000000000023e8                . = ALIGN (0x4)
                0x00000000000023e8                _etext = .
                [!provide]                        PROVIDE (etext = .)

.data           0x0000000040000080       0x10 load address 0x00000000000023e8
                0x0000000040000080                _data = .
 *(.data)
 .data          0x0000000040000080        0x0 main.o
 .data          0x0000000040000080       0x10 startup/libea_startup_thumb.a(consol.o)
 .data          0x0000000040000090        0x0 startup/libea_startup_thumb.a(framework.o)
 .data          0x0000000040000090        0x0 startup/libea_startup_thumb.a(startup.o)
 .data          0x0000000040000090        0x0 irq/irq_handler.a(irq_handler.o)
 .data          0x0000000040000090        0x0 /usr/local/Caskroom/gcc-arm-embedded/7-2018-q2-update/gcc-arm-none-eabi-7-2018-q2-update/bin/../lib/gcc/arm-none-eabi/7.3.1/libgcc.a(_udivsi3.o)
 .data          0x0000000040000090        0x0 /usr/local/Caskroom/gcc-arm-embedded/7-2018-q2-update/gcc-arm-none-eabi-7-2018-q2-update/bin/../lib/gcc/arm-none-eabi/7.3.1/libgcc.a(_dvmd_tls.o)
 .data          0x0000000040000090        0x0 /usr/local/Caskroom/gcc-arm-embedded/7-2018-q2-update/gcc-arm-none-eabi-7-2018-q2-update/bin/../lib/gcc/arm-none-eabi/7.3.1/libgcc.a(_aeabi_uldivmod.o)
 .data          0x0000000040000090        0x0 /usr/local/Caskroom/gcc-arm-embedded/7-2018-q2-update/gcc-arm-none-eabi-7-2018-q2-update/bin/../lib/gcc/arm-none-eabi/7.3.1/libgcc.a(_muldi3.o)
 .data          0x0000000040000090        0x0 /usr/local/Caskroom/gcc-arm-embedded/7-2018-q2-update/gcc-arm-none-eabi-7-2018-q2-update/bin/../lib/gcc/arm-none-eabi/7.3.1/libgcc.a(_udivmoddi4.o)
 .data          0x0000000040000090        0x0 /usr/local/Caskroom/gcc-arm-embedded/7-2018-q2-update/gcc-arm-none-eabi-7-2018-q2-update/bin/../lib/gcc/arm-none-eabi/7.3.1/libgcc.a(_clzdi2.o)
 .data          0x0000000040000090        0x0 /usr/local/Caskroom/gcc-arm-embedded/7-2018-q2-update/gcc-arm-none-eabi-7-2018-q2-update/bin/../lib/gcc/arm-none-eabi/7.3.1/libgcc.a(_clzsi2.o)
 .data          0x0000000040000090        0x0 /usr/local/Caskroom/gcc-arm-embedded/7-2018-q2-update/gcc-arm-none-eabi-7-2018-q2-update/bin/../lib/gcc/arm-none-eabi/7.3.1/../../../../arm-none-eabi/lib/libc.a(lib_a-atoi.o)
 .data          0x0000000040000090        0x0 /usr/local/Caskroom/gcc-arm-embedded/7-2018-q2-update/gcc-arm-none-eabi-7-2018-q2-update/bin/../lib/gcc/arm-none-eabi/7.3.1/../../../../arm-none-eabi/lib/libc.a(lib_a-strlen-stub.o)
 .data          0x0000000040000090        0x0 /usr/local/Caskroom/gcc-arm-embedded/7-2018-q2-update/gcc-arm-none-eabi-7-2018-q2-update/bin/../lib/gcc/arm-none-eabi/7.3.1/../../../../arm-none-eabi/lib/libc.a(lib_a-strtol.o)
 .data          0x0000000040000090        0x0 /usr/local/Caskroom/gcc-arm-embedded/7-2018-q2-update/gcc-arm-none-eabi-7-2018-q2-update/bin/../lib/gcc/arm-none-eabi/7.3.1/../../../../arm-none-eabi/lib/libc.a(lib_a-impure.o)
 .data          0x0000000040000090        0x0 /usr/local/Caskroom/gcc-arm-embedded/7-2018-q2-update/gcc-arm-none-eabi-7-2018-q2-update/bin/../lib/gcc/arm-none-eabi/7.3.1/../../../../arm-none-eabi/lib/libc.a(lib_a-locale.o)
 .data          0x0000000040000090        0x0 /usr/local/Caskroom/gcc-arm-embedded/7-2018-q2-update/gcc-arm-none-eabi-7-2018-q2-update/bin/../lib/gcc/arm-none-eabi/7.3.1/../../../../arm-none-eabi/lib/libc.a(lib_a-mbtowc_r.o)
 .data          0x0000000040000090        0x0 /usr/local/Caskroom/gcc-arm-embedded/7-2018-q2-update/gcc-arm-none-eabi-7-2018-q2-update/bin/../lib/gcc/arm-none-eabi/7.3.1/../../../../arm-none-eabi/lib/libc.a(lib_a-strcmp.o)
 .data          0x0000000040000090        0x0 /usr/local/Caskroom/gcc-arm-embedded/7-2018-q2-update/gcc-arm-none-eabi-7-2018-q2-update/bin/../lib/gcc/arm-none-eabi/7.3.1/../../../../arm-none-eabi/lib/libc.a(lib_a-wctomb_r.o)
 .data          0x0000000040000090        0x0 /usr/local/Caskroom/gcc-arm-embedded/7-2018-q2-update/gcc-arm-none-eabi-7-2018-q2-update/bin/../lib/gcc/arm-none-eabi/7.3.1/../../../../arm-none-eabi/lib/libc.a(lib_a-ctype_.o)

.igot.plt       0x0000000040000090        0x0 load address 0x00000000000023f8
 .igot.plt      0x0000000040000090        0x0 main.o

.data._impure_ptr
                0x0000000040000090        0x4 load address 0x00000000000023f8
 .data._impure_ptr
                0x0000000040000090        0x4 /usr/local/Caskroom/gcc-arm-embedded/7-2018-q2-update/gcc-arm-none-eabi-7-2018-q2-update/bin/../lib/gcc/arm-none-eabi/7.3.1/../../../../arm-none-eabi/lib/libc.a(lib_a-impure.o)
                0x0000000040000090                _impure_ptr

.data.impure_data
                0x0000000040000098      0x428 load address 0x0000000000002400
 .data.impure_data
                0x0000000040000098      0x428 /usr/local/Caskroom/gcc-arm-embedded/7-2018-q2-update/gcc-arm-none-eabi-7-2018-q2-update/bin/../lib/gcc/arm-none-eabi/7.3.1/../../../../arm-none-eabi/lib/libc.a(lib_a-impure.o)

.data.__global_locale
                0x00000000400004c0      0x16c load address 0x0000000000002828
 .data.__global_locale
                0x00000000400004c0      0x16c /usr/local/Caskroom/gcc-arm-embedded/7-2018-q2-update/gcc-arm-none-eabi-7-2018-q2-update/bin/../lib/gcc/arm-none-eabi/7.3.1/../../../../arm-none-eabi/lib/libc.a(lib_a-locale.o)
                0x00000000400004c0                __global_locale
                0x000000004000062c                . = ALIGN (0x4)
                0x000000004000062c                _edata = .
                [!provide]                        PROVIDE (edata = .)

.bss            0x000000004000062c        0x8 load address 0x0000000000002994
                0x000000004000062c                _bss = .
                0x000000004000062c                __bss_start = .
                0x000000004000062c                __bss_start__ = .
 *(.bss)
 .bss           0x000000004000062c        0x0 main.o
 .bss           0x000000004000062c        0x0 startup/libea_startup_thumb.a(consol.o)
 .bss           0x000000004000062c        0x0 startup/libea_startup_thumb.a(framework.o)
 .bss           0x000000004000062c        0x0 startup/libea_startup_thumb.a(startup.o)
 .bss           0x000000004000062c        0x0 irq/irq_handler.a(irq_handler.o)
 .bss           0x000000004000062c        0x0 /usr/local/Caskroom/gcc-arm-embedded/7-2018-q2-update/gcc-arm-none-eabi-7-2018-q2-update/bin/../lib/gcc/arm-none-eabi/7.3.1/libgcc.a(_udivsi3.o)
 .bss           0x000000004000062c        0x0 /usr/local/Caskroom/gcc-arm-embedded/7-2018-q2-update/gcc-arm-none-eabi-7-2018-q2-update/bin/../lib/gcc/arm-none-eabi/7.3.1/libgcc.a(_dvmd_tls.o)
 .bss           0x000000004000062c        0x0 /usr/local/Caskroom/gcc-arm-embedded/7-2018-q2-update/gcc-arm-none-eabi-7-2018-q2-update/bin/../lib/gcc/arm-none-eabi/7.3.1/libgcc.a(_aeabi_uldivmod.o)
 .bss           0x000000004000062c        0x0 /usr/local/Caskroom/gcc-arm-embedded/7-2018-q2-update/gcc-arm-none-eabi-7-2018-q2-update/bin/../lib/gcc/arm-none-eabi/7.3.1/libgcc.a(_muldi3.o)
 .bss           0x000000004000062c        0x0 /usr/local/Caskroom/gcc-arm-embedded/7-2018-q2-update/gcc-arm-none-eabi-7-2018-q2-update/bin/../lib/gcc/arm-none-eabi/7.3.1/libgcc.a(_udivmoddi4.o)
 .bss           0x000000004000062c        0x0 /usr/local/Caskroom/gcc-arm-embedded/7-2018-q2-update/gcc-arm-none-eabi-7-2018-q2-update/bin/../lib/gcc/arm-none-eabi/7.3.1/libgcc.a(_clzdi2.o)
 .bss           0x000000004000062c        0x0 /usr/local/Caskroom/gcc-arm-embedded/7-2018-q2-update/gcc-arm-none-eabi-7-2018-q2-update/bin/../lib/gcc/arm-none-eabi/7.3.1/libgcc.a(_clzsi2.o)
 .bss           0x000000004000062c        0x0 /usr/local/Caskroom/gcc-arm-embedded/7-2018-q2-update/gcc-arm-none-eabi-7-2018-q2-update/bin/../lib/gcc/arm-none-eabi/7.3.1/../../../../arm-none-eabi/lib/libc.a(lib_a-atoi.o)
 .bss           0x000000004000062c        0x0 /usr/local/Caskroom/gcc-arm-embedded/7-2018-q2-update/gcc-arm-none-eabi-7-2018-q2-update/bin/../lib/gcc/arm-none-eabi/7.3.1/../../../../arm-none-eabi/lib/libc.a(lib_a-strlen-stub.o)
 .bss           0x000000004000062c        0x0 /usr/local/Caskroom/gcc-arm-embedded/7-2018-q2-update/gcc-arm-none-eabi-7-2018-q2-update/bin/../lib/gcc/arm-none-eabi/7.3.1/../../../../arm-none-eabi/lib/libc.a(lib_a-strtol.o)
 .bss           0x000000004000062c        0x0 /usr/local/Caskroom/gcc-arm-embedded/7-2018-q2-update/gcc-arm-none-eabi-7-2018-q2-update/bin/../lib/gcc/arm-none-eabi/7.3.1/../../../../arm-none-eabi/lib/libc.a(lib_a-impure.o)
 .bss           0x000000004000062c        0x0 /usr/local/Caskroom/gcc-arm-embedded/7-2018-q2-update/gcc-arm-none-eabi-7-2018-q2-update/bin/../lib/gcc/arm-none-eabi/7.3.1/../../../../arm-none-eabi/lib/libc.a(lib_a-locale.o)
 .bss           0x000000004000062c        0x0 /usr/local/Caskroom/gcc-arm-embedded/7-2018-q2-update/gcc-arm-none-eabi-7-2018-q2-update/bin/../lib/gcc/arm-none-eabi/7.3.1/../../../../arm-none-eabi/lib/libc.a(lib_a-mbtowc_r.o)
 .bss           0x000000004000062c        0x0 /usr/local/Caskroom/gcc-arm-embedded/7-2018-q2-update/gcc-arm-none-eabi-7-2018-q2-update/bin/../lib/gcc/arm-none-eabi/7.3.1/../../../../arm-none-eabi/lib/libc.a(lib_a-strcmp.o)
 .bss           0x000000004000062c        0x0 /usr/local/Caskroom/gcc-arm-embedded/7-2018-q2-update/gcc-arm-none-eabi-7-2018-q2-update/bin/../lib/gcc/arm-none-eabi/7.3.1/../../../../arm-none-eabi/lib/libc.a(lib_a-wctomb_r.o)
 .bss           0x000000004000062c        0x0 /usr/local/Caskroom/gcc-arm-embedded/7-2018-q2-update/gcc-arm-none-eabi-7-2018-q2-update/bin/../lib/gcc/arm-none-eabi/7.3.1/../../../../arm-none-eabi/lib/libc.a(lib_a-ctype_.o)
 *(COMMON)
 COMMON         0x000000004000062c        0x8 startup/libea_startup_thumb.a(framework.o)
                0x000000004000062c                pHeapEnd
                0x0000000040000630                pHeapStart
                0x0000000040000634                . = ALIGN (0x4)
                0x0000000040000634                . = ALIGN (0x4)
                0x0000000040000634                __bss_end = .
                0x0000000040000634                __bss_end__ = .
                0x0000000040000634                _end = .
                0x0000000040000634                PROVIDE (end = .)

.bss._PathLocale
                0x0000000040000634        0x4 load address 0x000000000000299c
 .bss._PathLocale
                0x0000000040000634        0x4 /usr/local/Caskroom/gcc-arm-embedded/7-2018-q2-update/gcc-arm-none-eabi-7-2018-q2-update/bin/../lib/gcc/arm-none-eabi/7.3.1/../../../../arm-none-eabi/lib/libc.a(lib_a-locale.o)
                0x0000000040000634                _PathLocale

.stab           0x0000000000000000      0x3b4
 *(.stab)
 .stab          0x0000000000000000      0x3b4 startup/libea_startup_thumb.a(startup.o)

.stabstr        0x0000000000000000       0x5e
 *(.stabstr)
 .stabstr       0x0000000000000000       0x5e startup/libea_startup_thumb.a(startup.o)

.stab.excl
 *(.stab.excl)

.stab.exclstr
 *(.stab.exclstr)

.stab.index
 *(.stab.index)

.stab.indexstr
 *(.stab.indexstr)

.comment        0x0000000000000000       0x7f
 *(.comment)
 .comment       0x0000000000000000       0x7f main.o
                                         0x80 (size before relaxing)
 .comment       0x000000000000007f       0x80 startup/libea_startup_thumb.a(consol.o)
 .comment       0x000000000000007f       0x80 startup/libea_startup_thumb.a(framework.o)
 .comment       0x000000000000007f       0x80 irq/irq_handler.a(irq_handler.o)

.ARM.attributes
                0x0000000000000000       0x2e
 .ARM.attributes
                0x0000000000000000       0x30 main.o
 .ARM.attributes
                0x0000000000000030       0x30 startup/libea_startup_thumb.a(consol.o)
 .ARM.attributes
                0x0000000000000060       0x30 startup/libea_startup_thumb.a(framework.o)
 .ARM.attributes
                0x0000000000000090       0x20 startup/libea_startup_thumb.a(startup.o)
 .ARM.attributes
                0x00000000000000b0       0x30 irq/irq_handler.a(irq_handler.o)
 .ARM.attributes
                0x00000000000000e0       0x18 /usr/local/Caskroom/gcc-arm-embedded/7-2018-q2-update/gcc-arm-none-eabi-7-2018-q2-update/bin/../lib/gcc/arm-none-eabi/7.3.1/libgcc.a(_udivsi3.o)
 .ARM.attributes
                0x00000000000000f8       0x18 /usr/local/Caskroom/gcc-arm-embedded/7-2018-q2-update/gcc-arm-none-eabi-7-2018-q2-update/bin/../lib/gcc/arm-none-eabi/7.3.1/libgcc.a(_dvmd_tls.o)
 .ARM.attributes
                0x0000000000000110       0x18 /usr/local/Caskroom/gcc-arm-embedded/7-2018-q2-update/gcc-arm-none-eabi-7-2018-q2-update/bin/../lib/gcc/arm-none-eabi/7.3.1/libgcc.a(_aeabi_uldivmod.o)
 .ARM.attributes
                0x0000000000000128       0x30 /usr/local/Caskroom/gcc-arm-embedded/7-2018-q2-update/gcc-arm-none-eabi-7-2018-q2-update/bin/../lib/gcc/arm-none-eabi/7.3.1/libgcc.a(_muldi3.o)
 .ARM.attributes
                0x0000000000000158       0x30 /usr/local/Caskroom/gcc-arm-embedded/7-2018-q2-update/gcc-arm-none-eabi-7-2018-q2-update/bin/../lib/gcc/arm-none-eabi/7.3.1/libgcc.a(_udivmoddi4.o)
 .ARM.attributes
                0x0000000000000188       0x18 /usr/local/Caskroom/gcc-arm-embedded/7-2018-q2-update/gcc-arm-none-eabi-7-2018-q2-update/bin/../lib/gcc/arm-none-eabi/7.3.1/libgcc.a(_clzdi2.o)
 .ARM.attributes
                0x00000000000001a0       0x18 /usr/local/Caskroom/gcc-arm-embedded/7-2018-q2-update/gcc-arm-none-eabi-7-2018-q2-update/bin/../lib/gcc/arm-none-eabi/7.3.1/libgcc.a(_clzsi2.o)
 .ARM.attributes
                0x00000000000001b8       0x30 /usr/local/Caskroom/gcc-arm-embedded/7-2018-q2-update/gcc-arm-none-eabi-7-2018-q2-update/bin/../lib/gcc/arm-none-eabi/7.3.1/../../../../arm-none-eabi/lib/libc.a(lib_a-atoi.o)
 .ARM.attributes
                0x00000000000001e8       0x30 /usr/local/Caskroom/gcc-arm-embedded/7-2018-q2-update/gcc-arm-none-eabi-7-2018-q2-update/bin/../lib/gcc/arm-none-eabi/7.3.1/../../../../arm-none-eabi/lib/libc.a(lib_a-strlen-stub.o)
 .ARM.attributes
                0x0000000000000218       0x30 /usr/local/Caskroom/gcc-arm-embedded/7-2018-q2-update/gcc-arm-none-eabi-7-2018-q2-update/bin/../lib/gcc/arm-none-eabi/7.3.1/../../../../arm-none-eabi/lib/libc.a(lib_a-strtol.o)
 .ARM.attributes
                0x0000000000000248       0x30 /usr/local/Caskroom/gcc-arm-embedded/7-2018-q2-update/gcc-arm-none-eabi-7-2018-q2-update/bin/../lib/gcc/arm-none-eabi/7.3.1/../../../../arm-none-eabi/lib/libc.a(lib_a-impure.o)
 .ARM.attributes
                0x0000000000000278       0x30 /usr/local/Caskroom/gcc-arm-embedded/7-2018-q2-update/gcc-arm-none-eabi-7-2018-q2-update/bin/../lib/gcc/arm-none-eabi/7.3.1/../../../../arm-none-eabi/lib/libc.a(lib_a-locale.o)
 .ARM.attributes
                0x00000000000002a8       0x30 /usr/local/Caskroom/gcc-arm-embedded/7-2018-q2-update/gcc-arm-none-eabi-7-2018-q2-update/bin/../lib/gcc/arm-none-eabi/7.3.1/../../../../arm-none-eabi/lib/libc.a(lib_a-mbtowc_r.o)
 .ARM.attributes
                0x00000000000002d8       0x16 /usr/local/Caskroom/gcc-arm-embedded/7-2018-q2-update/gcc-arm-none-eabi-7-2018-q2-update/bin/../lib/gcc/arm-none-eabi/7.3.1/../../../../arm-none-eabi/lib/libc.a(lib_a-strcmp.o)
 .ARM.attributes
                0x00000000000002ee       0x30 /usr/local/Caskroom/gcc-arm-embedded/7-2018-q2-update/gcc-arm-none-eabi-7-2018-q2-update/bin/../lib/gcc/arm-none-eabi/7.3.1/../../../../arm-none-eabi/lib/libc.a(lib_a-wctomb_r.o)
 .ARM.attributes
                0x000000000000031e       0x30 /usr/local/Caskroom/gcc-arm-embedded/7-2018-q2-update/gcc-arm-none-eabi-7-2018-q2-update/bin/../lib/gcc/arm-none-eabi/7.3.1/../../../../arm-none-eabi/lib/libc.a(lib_a-ctype_.o)

.debug
 *(.debug)

.line
 *(.line)

.debug_srcinfo
 *(.debug_srcinfo)

.debug_sfnames
 *(.debug_sfnames)

.debug_aranges
 *(.debug_aranges)

.debug_pubnames
 *(.debug_pubnames)

.debug_info
 *(.debug_info .gnu.linkonce.wi.*)

.debug_abbrev
 *(.debug_abbrev)

.debug_line
 *(.debug_line)

.debug_frame    0x0000000000000000      0x318
 *(.debug_frame)
 .debug_frame   0x0000000000000000       0x20 /usr/local/Caskroom/gcc-arm-embedded/7-2018-q2-update/gcc-arm-none-eabi-7-2018-q2-update/bin/../lib/gcc/arm-none-eabi/7.3.1/libgcc.a(_udivsi3.o)
 .debug_frame   0x0000000000000020       0x2c /usr/local/Caskroom/gcc-arm-embedded/7-2018-q2-update/gcc-arm-none-eabi-7-2018-q2-update/bin/../lib/gcc/arm-none-eabi/7.3.1/libgcc.a(_aeabi_uldivmod.o)
 .debug_frame   0x000000000000004c       0x3c /usr/local/Caskroom/gcc-arm-embedded/7-2018-q2-update/gcc-arm-none-eabi-7-2018-q2-update/bin/../lib/gcc/arm-none-eabi/7.3.1/libgcc.a(_muldi3.o)
 .debug_frame   0x0000000000000088       0x48 /usr/local/Caskroom/gcc-arm-embedded/7-2018-q2-update/gcc-arm-none-eabi-7-2018-q2-update/bin/../lib/gcc/arm-none-eabi/7.3.1/libgcc.a(_udivmoddi4.o)
 .debug_frame   0x00000000000000d0       0x48 /usr/local/Caskroom/gcc-arm-embedded/7-2018-q2-update/gcc-arm-none-eabi-7-2018-q2-update/bin/../lib/gcc/arm-none-eabi/7.3.1/../../../../arm-none-eabi/lib/libc.a(lib_a-atoi.o)
 .debug_frame   0x0000000000000118       0x20 /usr/local/Caskroom/gcc-arm-embedded/7-2018-q2-update/gcc-arm-none-eabi-7-2018-q2-update/bin/../lib/gcc/arm-none-eabi/7.3.1/../../../../arm-none-eabi/lib/libc.a(lib_a-strlen-stub.o)
 .debug_frame   0x0000000000000138       0xac /usr/local/Caskroom/gcc-arm-embedded/7-2018-q2-update/gcc-arm-none-eabi-7-2018-q2-update/bin/../lib/gcc/arm-none-eabi/7.3.1/../../../../arm-none-eabi/lib/libc.a(lib_a-strtol.o)
 .debug_frame   0x00000000000001e4       0x70 /usr/local/Caskroom/gcc-arm-embedded/7-2018-q2-update/gcc-arm-none-eabi-7-2018-q2-update/bin/../lib/gcc/arm-none-eabi/7.3.1/../../../../arm-none-eabi/lib/libc.a(lib_a-locale.o)
 .debug_frame   0x0000000000000254       0x48 /usr/local/Caskroom/gcc-arm-embedded/7-2018-q2-update/gcc-arm-none-eabi-7-2018-q2-update/bin/../lib/gcc/arm-none-eabi/7.3.1/../../../../arm-none-eabi/lib/libc.a(lib_a-mbtowc_r.o)
 .debug_frame   0x000000000000029c       0x40 /usr/local/Caskroom/gcc-arm-embedded/7-2018-q2-update/gcc-arm-none-eabi-7-2018-q2-update/bin/../lib/gcc/arm-none-eabi/7.3.1/../../../../arm-none-eabi/lib/libc.a(lib_a-strcmp.o)
 .debug_frame   0x00000000000002dc       0x3c /usr/local/Caskroom/gcc-arm-embedded/7-2018-q2-update/gcc-arm-none-eabi-7-2018-q2-update/bin/../lib/gcc/arm-none-eabi/7.3.1/../../../../arm-none-eabi/lib/libc.a(lib_a-wctomb_r.o)

.debug_str
 *(.debug_str)

.debug_loc
 *(.debug_loc)

.debug_macinfo
 *(.debug_macinfo)

.debug_weaknames
 *(.debug_weaknames)

.debug_funcnames
 *(.debug_funcnames)

.debug_typenames
 *(.debug_typenames)

.debug_varnames
 *(.debug_varnames)
OUTPUT(MiniDemo2148.elf elf32-littlearm)

Cross Reference Table

Symbol                                            File
IRQ_Test                                          irq/irq_handler.a(irq_handler.o)
                                                  main.o
_PathLocale                                       /usr/local/Caskroom/gcc-arm-embedded/7-2018-q2-update/gcc-arm-none-eabi-7-2018-q2-update/bin/../lib/gcc/arm-none-eabi/7.3.1/../../../../arm-none-eabi/lib/libc.a(lib_a-locale.o)
__aeabi_idiv0                                     /usr/local/Caskroom/gcc-arm-embedded/7-2018-q2-update/gcc-arm-none-eabi-7-2018-q2-update/bin/../lib/gcc/arm-none-eabi/7.3.1/libgcc.a(_dvmd_tls.o)
                                                  /usr/local/Caskroom/gcc-arm-embedded/7-2018-q2-update/gcc-arm-none-eabi-7-2018-q2-update/bin/../lib/gcc/arm-none-eabi/7.3.1/libgcc.a(_udivsi3.o)
__aeabi_ldiv0                                     /usr/local/Caskroom/gcc-arm-embedded/7-2018-q2-update/gcc-arm-none-eabi-7-2018-q2-update/bin/../lib/gcc/arm-none-eabi/7.3.1/libgcc.a(_dvmd_tls.o)
                                                  /usr/local/Caskroom/gcc-arm-embedded/7-2018-q2-update/gcc-arm-none-eabi-7-2018-q2-update/bin/../lib/gcc/arm-none-eabi/7.3.1/libgcc.a(_aeabi_uldivmod.o)
__aeabi_lmul                                      /usr/local/Caskroom/gcc-arm-embedded/7-2018-q2-update/gcc-arm-none-eabi-7-2018-q2-update/bin/../lib/gcc/arm-none-eabi/7.3.1/libgcc.a(_muldi3.o)
                                                  main.o
__aeabi_uidiv                                     /usr/local/Caskroom/gcc-arm-embedded/7-2018-q2-update/gcc-arm-none-eabi-7-2018-q2-update/bin/../lib/gcc/arm-none-eabi/7.3.1/libgcc.a(_udivsi3.o)
                                                  startup/libea_startup_thumb.a(consol.o)
__aeabi_uidivmod                                  /usr/local/Caskroom/gcc-arm-embedded/7-2018-q2-update/gcc-arm-none-eabi-7-2018-q2-update/bin/../lib/gcc/arm-none-eabi/7.3.1/libgcc.a(_udivsi3.o)
                                                  /usr/local/Caskroom/gcc-arm-embedded/7-2018-q2-update/gcc-arm-none-eabi-7-2018-q2-update/bin/../lib/gcc/arm-none-eabi/7.3.1/../../../../arm-none-eabi/lib/libc.a(lib_a-strtol.o)
                                                  startup/libea_startup_thumb.a(consol.o)
__aeabi_uldivmod                                  /usr/local/Caskroom/gcc-arm-embedded/7-2018-q2-update/gcc-arm-none-eabi-7-2018-q2-update/bin/../lib/gcc/arm-none-eabi/7.3.1/libgcc.a(_aeabi_uldivmod.o)
                                                  main.o
__ascii_mbtowc                                    /usr/local/Caskroom/gcc-arm-embedded/7-2018-q2-update/gcc-arm-none-eabi-7-2018-q2-update/bin/../lib/gcc/arm-none-eabi/7.3.1/../../../../arm-none-eabi/lib/libc.a(lib_a-mbtowc_r.o)
                                                  /usr/local/Caskroom/gcc-arm-embedded/7-2018-q2-update/gcc-arm-none-eabi-7-2018-q2-update/bin/../lib/gcc/arm-none-eabi/7.3.1/../../../../arm-none-eabi/lib/libc.a(lib_a-locale.o)
__ascii_wctomb                                    /usr/local/Caskroom/gcc-arm-embedded/7-2018-q2-update/gcc-arm-none-eabi-7-2018-q2-update/bin/../lib/gcc/arm-none-eabi/7.3.1/../../../../arm-none-eabi/lib/libc.a(lib_a-wctomb_r.o)
                                                  /usr/local/Caskroom/gcc-arm-embedded/7-2018-q2-update/gcc-arm-none-eabi-7-2018-q2-update/bin/../lib/gcc/arm-none-eabi/7.3.1/../../../../arm-none-eabi/lib/libc.a(lib_a-locale.o)
__bss_end__                                       startup/libea_startup_thumb.a(startup.o)
__bss_start__                                     startup/libea_startup_thumb.a(startup.o)
__clzdi2                                          /usr/local/Caskroom/gcc-arm-embedded/7-2018-q2-update/gcc-arm-none-eabi-7-2018-q2-update/bin/../lib/gcc/arm-none-eabi/7.3.1/libgcc.a(_clzdi2.o)
                                                  /usr/local/Caskroom/gcc-arm-embedded/7-2018-q2-update/gcc-arm-none-eabi-7-2018-q2-update/bin/../lib/gcc/arm-none-eabi/7.3.1/libgcc.a(_udivmoddi4.o)
__clzsi2                                          /usr/local/Caskroom/gcc-arm-embedded/7-2018-q2-update/gcc-arm-none-eabi-7-2018-q2-update/bin/../lib/gcc/arm-none-eabi/7.3.1/libgcc.a(_clzsi2.o)
                                                  /usr/local/Caskroom/gcc-arm-embedded/7-2018-q2-update/gcc-arm-none-eabi-7-2018-q2-update/bin/../lib/gcc/arm-none-eabi/7.3.1/libgcc.a(_clzdi2.o)
__global_locale                                   /usr/local/Caskroom/gcc-arm-embedded/7-2018-q2-update/gcc-arm-none-eabi-7-2018-q2-update/bin/../lib/gcc/arm-none-eabi/7.3.1/../../../../arm-none-eabi/lib/libc.a(lib_a-locale.o)
                                                  /usr/local/Caskroom/gcc-arm-embedded/7-2018-q2-update/gcc-arm-none-eabi-7-2018-q2-update/bin/../lib/gcc/arm-none-eabi/7.3.1/../../../../arm-none-eabi/lib/libc.a(lib_a-wctomb_r.o)
                                                  /usr/local/Caskroom/gcc-arm-embedded/7-2018-q2-update/gcc-arm-none-eabi-7-2018-q2-update/bin/../lib/gcc/arm-none-eabi/7.3.1/../../../../arm-none-eabi/lib/libc.a(lib_a-mbtowc_r.o)
                                                  /usr/local/Caskroom/gcc-arm-embedded/7-2018-q2-update/gcc-arm-none-eabi-7-2018-q2-update/bin/../lib/gcc/arm-none-eabi/7.3.1/../../../../arm-none-eabi/lib/libc.a(lib_a-strtol.o)
__locale_ctype_ptr                                /usr/local/Caskroom/gcc-arm-embedded/7-2018-q2-update/gcc-arm-none-eabi-7-2018-q2-update/bin/../lib/gcc/arm-none-eabi/7.3.1/../../../../arm-none-eabi/lib/libc.a(lib_a-locale.o)
__locale_ctype_ptr_l                              /usr/local/Caskroom/gcc-arm-embedded/7-2018-q2-update/gcc-arm-none-eabi-7-2018-q2-update/bin/../lib/gcc/arm-none-eabi/7.3.1/../../../../arm-none-eabi/lib/libc.a(lib_a-locale.o)
                                                  /usr/local/Caskroom/gcc-arm-embedded/7-2018-q2-update/gcc-arm-none-eabi-7-2018-q2-update/bin/../lib/gcc/arm-none-eabi/7.3.1/../../../../arm-none-eabi/lib/libc.a(lib_a-strtol.o)
__locale_mb_cur_max                               /usr/local/Caskroom/gcc-arm-embedded/7-2018-q2-update/gcc-arm-none-eabi-7-2018-q2-update/bin/../lib/gcc/arm-none-eabi/7.3.1/../../../../arm-none-eabi/lib/libc.a(lib_a-locale.o)
__muldi3                                          /usr/local/Caskroom/gcc-arm-embedded/7-2018-q2-update/gcc-arm-none-eabi-7-2018-q2-update/bin/../lib/gcc/arm-none-eabi/7.3.1/libgcc.a(_muldi3.o)
__udivmoddi4                                      /usr/local/Caskroom/gcc-arm-embedded/7-2018-q2-update/gcc-arm-none-eabi-7-2018-q2-update/bin/../lib/gcc/arm-none-eabi/7.3.1/libgcc.a(_udivmoddi4.o)
                                                  /usr/local/Caskroom/gcc-arm-embedded/7-2018-q2-update/gcc-arm-none-eabi-7-2018-q2-update/bin/../lib/gcc/arm-none-eabi/7.3.1/libgcc.a(_aeabi_uldivmod.o)
__udivsi3                                         /usr/local/Caskroom/gcc-arm-embedded/7-2018-q2-update/gcc-arm-none-eabi-7-2018-q2-update/bin/../lib/gcc/arm-none-eabi/7.3.1/libgcc.a(_udivsi3.o)
_atoi_r                                           /usr/local/Caskroom/gcc-arm-embedded/7-2018-q2-update/gcc-arm-none-eabi-7-2018-q2-update/bin/../lib/gcc/arm-none-eabi/7.3.1/../../../../arm-none-eabi/lib/libc.a(lib_a-atoi.o)
_ctype_                                           /usr/local/Caskroom/gcc-arm-embedded/7-2018-q2-update/gcc-arm-none-eabi-7-2018-q2-update/bin/../lib/gcc/arm-none-eabi/7.3.1/../../../../arm-none-eabi/lib/libc.a(lib_a-ctype_.o)
                                                  /usr/local/Caskroom/gcc-arm-embedded/7-2018-q2-update/gcc-arm-none-eabi-7-2018-q2-update/bin/../lib/gcc/arm-none-eabi/7.3.1/../../../../arm-none-eabi/lib/libc.a(lib_a-locale.o)
_data                                             startup/libea_startup_thumb.a(startup.o)
_edata                                            startup/libea_startup_thumb.a(startup.o)
_etext                                            startup/libea_startup_thumb.a(startup.o)
_global_impure_ptr                                /usr/local/Caskroom/gcc-arm-embedded/7-2018-q2-update/gcc-arm-none-eabi-7-2018-q2-update/bin/../lib/gcc/arm-none-eabi/7.3.1/../../../../arm-none-eabi/lib/libc.a(lib_a-impure.o)
_impure_ptr                                       /usr/local/Caskroom/gcc-arm-embedded/7-2018-q2-update/gcc-arm-none-eabi-7-2018-q2-update/bin/../lib/gcc/arm-none-eabi/7.3.1/../../../../arm-none-eabi/lib/libc.a(lib_a-impure.o)
                                                  /usr/local/Caskroom/gcc-arm-embedded/7-2018-q2-update/gcc-arm-none-eabi-7-2018-q2-update/bin/../lib/gcc/arm-none-eabi/7.3.1/../../../../arm-none-eabi/lib/libc.a(lib_a-wctomb_r.o)
                                                  /usr/local/Caskroom/gcc-arm-embedded/7-2018-q2-update/gcc-arm-none-eabi-7-2018-q2-update/bin/../lib/gcc/arm-none-eabi/7.3.1/../../../../arm-none-eabi/lib/libc.a(lib_a-mbtowc_r.o)
                                                  /usr/local/Caskroom/gcc-arm-embedded/7-2018-q2-update/gcc-arm-none-eabi-7-2018-q2-update/bin/../lib/gcc/arm-none-eabi/7.3.1/../../../../arm-none-eabi/lib/libc.a(lib_a-locale.o)
                                                  /usr/local/Caskroom/gcc-arm-embedded/7-2018-q2-update/gcc-arm-none-eabi-7-2018-q2-update/bin/../lib/gcc/arm-none-eabi/7.3.1/../../../../arm-none-eabi/lib/libc.a(lib_a-strtol.o)
_mbtowc_r                                         /usr/local/Caskroom/gcc-arm-embedded/7-2018-q2-update/gcc-arm-none-eabi-7-2018-q2-update/bin/../lib/gcc/arm-none-eabi/7.3.1/../../../../arm-none-eabi/lib/libc.a(lib_a-mbtowc_r.o)
_setlocale_r                                      /usr/local/Caskroom/gcc-arm-embedded/7-2018-q2-update/gcc-arm-none-eabi-7-2018-q2-update/bin/../lib/gcc/arm-none-eabi/7.3.1/../../../../arm-none-eabi/lib/libc.a(lib_a-locale.o)
_startup                                          startup/libea_startup_thumb.a(startup.o)
_strtol_r                                         /usr/local/Caskroom/gcc-arm-embedded/7-2018-q2-update/gcc-arm-none-eabi-7-2018-q2-update/bin/../lib/gcc/arm-none-eabi/7.3.1/../../../../arm-none-eabi/lib/libc.a(lib_a-strtol.o)
                                                  /usr/local/Caskroom/gcc-arm-embedded/7-2018-q2-update/gcc-arm-none-eabi-7-2018-q2-update/bin/../lib/gcc/arm-none-eabi/7.3.1/../../../../arm-none-eabi/lib/libc.a(lib_a-atoi.o)
_wctomb_r                                         /usr/local/Caskroom/gcc-arm-embedded/7-2018-q2-update/gcc-arm-none-eabi-7-2018-q2-update/bin/../lib/gcc/arm-none-eabi/7.3.1/../../../../arm-none-eabi/lib/libc.a(lib_a-wctomb_r.o)
atoi                                              /usr/local/Caskroom/gcc-arm-embedded/7-2018-q2-update/gcc-arm-none-eabi-7-2018-q2-update/bin/../lib/gcc/arm-none-eabi/7.3.1/../../../../arm-none-eabi/lib/libc.a(lib_a-atoi.o)
                                                  startup/libea_startup_thumb.a(consol.o)
consolGetCh                                       startup/libea_startup_thumb.a(consol.o)
consolGetChar                                     startup/libea_startup_thumb.a(consol.o)
consolGetIntNum                                   startup/libea_startup_thumb.a(consol.o)
consolGetString                                   startup/libea_startup_thumb.a(consol.o)
consolInit                                        startup/libea_startup_thumb.a(consol.o)
                                                  startup/libea_startup_thumb.a(framework.o)
consolScanf                                       startup/libea_startup_thumb.a(consol.o)
consolSendCh                                      startup/libea_startup_thumb.a(consol.o)
consolSendChar                                    startup/libea_startup_thumb.a(consol.o)
consolSendNumber                                  startup/libea_startup_thumb.a(consol.o)
                                                  startup/libea_startup_thumb.a(framework.o)
consolSendString                                  startup/libea_startup_thumb.a(consol.o)
                                                  startup/libea_startup_thumb.a(framework.o)
eaInit                                            startup/libea_startup_thumb.a(framework.o)
                                                  main.o
end                                               startup/libea_startup_thumb.a(framework.o)
exceptionHandlerInit                              startup/libea_startup_thumb.a(framework.o)
                                                  startup/libea_startup_thumb.a(startup.o)
lowLevelInit                                      startup/libea_startup_thumb.a(framework.o)
                                                  startup/libea_startup_thumb.a(startup.o)
main                                              main.o
                                                  startup/libea_startup_thumb.a(startup.o)
pHeapEnd                                          startup/libea_startup_thumb.a(framework.o)
pHeapStart                                        startup/libea_startup_thumb.a(framework.o)
setlocale                                         /usr/local/Caskroom/gcc-arm-embedded/7-2018-q2-update/gcc-arm-none-eabi-7-2018-q2-update/bin/../lib/gcc/arm-none-eabi/7.3.1/../../../../arm-none-eabi/lib/libc.a(lib_a-locale.o)
simplePrintf                                      startup/libea_startup_thumb.a(consol.o)
                                                  main.o
strcmp                                            /usr/local/Caskroom/gcc-arm-embedded/7-2018-q2-update/gcc-arm-none-eabi-7-2018-q2-update/bin/../lib/gcc/arm-none-eabi/7.3.1/../../../../arm-none-eabi/lib/libc.a(lib_a-strcmp.o)
                                                  /usr/local/Caskroom/gcc-arm-embedded/7-2018-q2-update/gcc-arm-none-eabi-7-2018-q2-update/bin/../lib/gcc/arm-none-eabi/7.3.1/../../../../arm-none-eabi/lib/libc.a(lib_a-locale.o)
strlen                                            /usr/local/Caskroom/gcc-arm-embedded/7-2018-q2-update/gcc-arm-none-eabi-7-2018-q2-update/bin/../lib/gcc/arm-none-eabi/7.3.1/../../../../arm-none-eabi/lib/libc.a(lib_a-strlen-stub.o)
                                                  startup/libea_startup_thumb.a(consol.o)
strtol                                            /usr/local/Caskroom/gcc-arm-embedded/7-2018-q2-update/gcc-arm-none-eabi-7-2018-q2-update/bin/../lib/gcc/arm-none-eabi/7.3.1/../../../../arm-none-eabi/lib/libc.a(lib_a-strtol.o)
                                                  /usr/local/Caskroom/gcc-arm-embedded/7-2018-q2-update/gcc-arm-none-eabi-7-2018-q2-update/bin/../lib/gcc/arm-none-eabi/7.3.1/../../../../arm-none-eabi/lib/libc.a(lib_a-atoi.o)
strtol_l                                          /usr/local/Caskroom/gcc-arm-embedded/7-2018-q2-update/gcc-arm-none-eabi-7-2018-q2-update/bin/../lib/gcc/arm-none-eabi/7.3.1/../../../../arm-none-eabi/lib/libc.a(lib_a-strtol.o)
